{"case": "branch-4-4-balanced-101", "checks": "accepted", "cpu_s": 0.012972088, "frontier": 1, "regret": 0}
{"case": "branch-4-4-balanced-202", "checks": "accepted", "cpu_s": 0.011965569, "frontier": 1, "regret": 0}
{"case": "branch-4-4-skewed-101", "checks": "accepted", "cpu_s": 0.010780533, "frontier": 1, "regret": 0}
{"case": "branch-4-4-skewed-202", "checks": "accepted", "cpu_s": 0.009283142, "frontier": 1, "regret": 0}
{"case": "branch-4-6-balanced-101", "checks": "accepted", "cpu_s": 0.018540255, "frontier": 1, "regret": 0}
{"case": "branch-4-6-balanced-202", "checks": "accepted", "cpu_s": 0.017471623, "frontier": 1, "regret": 0}
{"case": "branch-4-6-skewed-101", "checks": "accepted", "cpu_s": 0.01828236, "frontier": 1, "regret": 0}
{"case": "branch-4-6-skewed-202", "checks": "accepted", "cpu_s": 0.015287648, "frontier": 1, "regret": 0}
{"case": "branch-5-4-balanced-101", "checks": "accepted", "cpu_s": 0.015011277, "frontier": 2, "regret": 4}
{"case": "branch-5-4-balanced-202", "checks": "accepted", "cpu_s": 0.014467416, "frontier": 1, "regret": 0}
{"case": "branch-5-4-skewed-101", "checks": "accepted", "cpu_s": 0.017723779, "frontier": 6, "regret": 22}
{"case": "branch-5-4-skewed-202", "checks": "accepted", "cpu_s": 0.016488058, "frontier": 3, "regret": 6}
{"case": "branch-5-6-balanced-101", "checks": "accepted", "cpu_s": 0.028632748, "frontier": 2, "regret": 12}
{"case": "branch-5-6-balanced-202", "checks": "accepted", "cpu_s": 0.025874693, "frontier": 1, "regret": 0}
{"case": "branch-5-6-skewed-101", "checks": "accepted", "cpu_s": 0.026015483, "frontier": 7, "regret": 30}
{"case": "branch-5-6-skewed-202", "checks": "accepted", "cpu_s": 0.025077476, "frontier": 3, "regret": 12}
{"case": "branch-6-4-balanced-101", "checks": "accepted", "cpu_s": 0.033244445, "frontier": 1, "regret": 0}
{"case": "branch-6-4-balanced-202", "checks": "accepted", "cpu_s": 0.036203773, "frontier": 1, "regret": 0}
{"case": "branch-6-4-skewed-101", "checks": "accepted", "cpu_s": 0.03881859, "frontier": 6, "regret": 20}
{"case": "branch-6-4-skewed-202", "checks": "accepted", "cpu_s": 0.107295961, "frontier": 2, "regret": 10}
{"case": "branch-6-6-balanced-101", "checks": "accepted", "cpu_s": 0.054770183, "frontier": 1, "regret": 0}
{"case": "branch-6-6-balanced-202", "checks": "accepted", "cpu_s": 0.058190178, "frontier": 1, "regret": 0}
{"case": "branch-6-6-skewed-101", "checks": "accepted", "cpu_s": 0.076627284, "frontier": 4, "regret": 24}
{"case": "branch-6-6-skewed-202", "checks": "accepted", "cpu_s": 0.076453305, "frontier": 2, "regret": 12}
{"case": "branch-7-4-balanced-101", "checks": "accepted", "cpu_s": 0.161965052, "frontier": 2, "regret": 20}
{"case": "branch-7-4-balanced-202", "checks": "accepted", "cpu_s": 0.169302367, "frontier": 2, "regret": 24}
{"case": "branch-7-4-skewed-101", "checks": "accepted", "cpu_s": 0.155746773, "frontier": 11, "regret": 52}
{"case": "branch-7-4-skewed-202", "checks": "accepted", "cpu_s": 0.157655517, "frontier": 5, "regret": 46}
{"case": "branch-7-6-balanced-101", "checks": "accepted", "cpu_s": 0.206085077, "frontier": 3, "regret": 36}
{"case": "branch-7-6-balanced-202", "checks": "accepted", "cpu_s": 0.211948072, "frontier": 3, "regret": 48}
{"case": "branch-7-6-skewed-101", "checks": "accepted", "cpu_s": 0.260660299, "frontier": 12, "regret": 150}
{"case": "branch-7-6-skewed-202", "checks": "accepted", "cpu_s": 0.265989304, "frontier": 8, "regret": 84}
{"case": "commerce-303-0", "checks": "accepted", "cpu_s": 0.09224433, "frontier": 1, "regret": 0}
{"case": "commerce-303-1", "checks": "accepted", "cpu_s": 0.092189473, "frontier": 2, "regret": 13}
{"case": "commerce-404-0", "checks": "accepted", "cpu_s": 0.092120459, "frontier": 1, "regret": 0}
{"case": "commerce-404-1", "checks": "accepted", "cpu_s": 0.087210994, "frontier": 4, "regret": 14}
{"case": "commerce-505-0", "checks": "accepted", "cpu_s": 0.096333637, "frontier": 1, "regret": 0}
{"case": "commerce-505-1", "checks": "accepted", "cpu_s": 0.096393187, "frontier": 4, "regret": 5}
{"case": "path-4-4-balanced-101", "checks": "accepted", "cpu_s": 0.009109383, "frontier": 1, "regret": 0}
{"case": "path-4-4-balanced-202", "checks": "accepted", "cpu_s": 0.010486845, "frontier": 1, "regret": 0}
{"case": "path-4-4-skewed-101", "checks": "accepted", "cpu_s": 0.009352124, "frontier": 2, "regret": 10}
{"case": "path-4-4-skewed-202", "checks": "accepted", "cpu_s": 0.009429209, "frontier": 2, "regret": 6}
{"case": "path-4-6-balanced-101", "checks": "accepted", "cpu_s": 0.013998118, "frontier": 1, "regret": 0}
{"case": "path-4-6-balanced-202", "checks": "accepted", "cpu_s": 0.013280909, "frontier": 1, "regret": 0}
{"case": "path-4-6-skewed-101", "checks": "accepted", "cpu_s": 0.015384303, "frontier": 2, "regret": 24}
{"case": "path-4-6-skewed-202", "checks": "accepted", "cpu_s": 0.014352616, "frontier": 1, "regret": 0}
{"case": "path-5-4-balanced-101", "checks": "accepted", "cpu_s": 0.013688607, "frontier": 1, "regret": 0}
{"case": "path-5-4-balanced-202", "checks": "accepted", "cpu_s": 0.014339215, "frontier": 1, "regret": 0}
{"case": "path-5-4-skewed-101", "checks": "accepted", "cpu_s": 0.033821756, "frontier": 2, "regret": 16}
{"case": "path-5-4-skewed-202", "checks": "accepted", "cpu_s": 0.01822142, "frontier": 2, "regret": 12}
{"case": "path-5-6-balanced-101", "checks": "accepted", "cpu_s": 0.02237463, "frontier": 1, "regret": 0}
{"case": "path-5-6-balanced-202", "checks": "accepted", "cpu_s": 0.025324168, "frontier": 1, "regret": 0}
{"case": "path-5-6-skewed-101", "checks": "accepted", "cpu_s": 0.030980821, "frontier": 2, "regret": 54}
{"case": "path-5-6-skewed-202", "checks": "accepted", "cpu_s": 0.031034892, "frontier": 2, "regret": 36}
{"case": "path-6-4-balanced-101", "checks": "accepted", "cpu_s": 0.038466014, "frontier": 1, "regret": 0}
{"case": "path-6-4-balanced-202", "checks": "accepted", "cpu_s": 0.034371434, "frontier": 1, "regret": 0}
{"case": "path-6-4-skewed-101", "checks": "accepted", "cpu_s": 0.034821333, "frontier": 3, "regret": 2}
{"case": "path-6-4-skewed-202", "checks": "accepted", "cpu_s": 0.038782437, "frontier": 3, "regret": 28}
{"case": "path-6-6-balanced-101", "checks": "accepted", "cpu_s": 0.057757574, "frontier": 1, "regret": 0}
{"case": "path-6-6-balanced-202", "checks": "accepted", "cpu_s": 0.058781494, "frontier": 1, "regret": 0}
{"case": "path-6-6-skewed-101", "checks": "accepted", "cpu_s": 0.070181236, "frontier": 2, "regret": 54}
{"case": "path-6-6-skewed-202", "checks": "accepted", "cpu_s": 0.071631696, "frontier": 3, "regret": 42}
{"case": "path-7-4-balanced-101", "checks": "accepted", "cpu_s": 0.112070415, "frontier": 1, "regret": 0}
{"case": "path-7-4-balanced-202", "checks": "accepted", "cpu_s": 0.123067461, "frontier": 1, "regret": 0}
{"case": "path-7-4-skewed-101", "checks": "accepted", "cpu_s": 0.141663819, "frontier": 3, "regret": 46}
{"case": "path-7-4-skewed-202", "checks": "accepted", "cpu_s": 0.126680524, "frontier": 3, "regret": 18}
{"case": "path-7-6-balanced-101", "checks": "accepted", "cpu_s": 0.168116614, "frontier": 1, "regret": 0}
{"case": "path-7-6-balanced-202", "checks": "accepted", "cpu_s": 0.17238885, "frontier": 1, "regret": 0}
{"case": "path-7-6-skewed-101", "checks": "accepted", "cpu_s": 0.264181561, "frontier": 3, "regret": 36}
{"case": "path-7-6-skewed-202", "checks": "accepted", "cpu_s": 0.379824505, "frontier": 4, "regret": 60}
{"case": "star-4-4-balanced-101", "checks": "accepted", "cpu_s": 0.017568316, "frontier": 2, "regret": 12}
{"case": "star-4-4-balanced-202", "checks": "accepted", "cpu_s": 0.012451333, "frontier": 2, "regret": 12}
{"case": "star-4-4-skewed-101", "checks": "accepted", "cpu_s": 0.012839683, "frontier": 4, "regret": 12}
{"case": "star-4-4-skewed-202", "checks": "accepted", "cpu_s": 0.014943857, "frontier": 6, "regret": 16}
{"case": "star-4-6-balanced-101", "checks": "accepted", "cpu_s": 0.020142742, "frontier": 3, "regret": 12}
{"case": "star-4-6-balanced-202", "checks": "accepted", "cpu_s": 0.023073107, "frontier": 2, "regret": 12}
{"case": "star-4-6-skewed-101", "checks": "accepted", "cpu_s": 0.023829159, "frontier": 3, "regret": 12}
{"case": "star-4-6-skewed-202", "checks": "accepted", "cpu_s": 0.018357793, "frontier": 6, "regret": 30}
{"case": "star-5-4-balanced-101", "checks": "accepted", "cpu_s": 0.019698981, "frontier": 1, "regret": 0}
{"case": "star-5-4-balanced-202", "checks": "accepted", "cpu_s": 0.022398282, "frontier": 5, "regret": 32}
{"case": "star-5-4-skewed-101", "checks": "accepted", "cpu_s": 0.025105908, "frontier": 1, "regret": 0}
{"case": "star-5-4-skewed-202", "checks": "accepted", "cpu_s": 0.021870247, "frontier": 2, "regret": 6}
{"case": "star-5-6-balanced-101", "checks": "accepted", "cpu_s": 0.030036175, "frontier": 4, "regret": 24}
{"case": "star-5-6-balanced-202", "checks": "accepted", "cpu_s": 0.032121561, "frontier": 7, "regret": 48}
{"case": "star-5-6-skewed-101", "checks": "accepted", "cpu_s": 0.034459134, "frontier": 6, "regret": 24}
{"case": "star-5-6-skewed-202", "checks": "accepted", "cpu_s": 0.036017736, "frontier": 5, "regret": 18}
{"case": "star-6-4-balanced-101", "checks": "accepted", "cpu_s": 0.04613471, "frontier": 4, "regret": 12}
{"case": "star-6-4-balanced-202", "checks": "accepted", "cpu_s": 0.053394021, "frontier": 2, "regret": 12}
{"case": "star-6-4-skewed-101", "checks": "accepted", "cpu_s": 0.073499054, "frontier": 5, "regret": 12}
{"case": "star-6-4-skewed-202", "checks": "accepted", "cpu_s": 0.059651756, "frontier": 4, "regret": 12}
{"case": "star-6-6-balanced-101", "checks": "accepted", "cpu_s": 0.109214871, "frontier": 8, "regret": 48}
{"case": "star-6-6-balanced-202", "checks": "accepted", "cpu_s": 0.115551502, "frontier": 12, "regret": 48}
{"case": "star-6-6-skewed-101", "checks": "accepted", "cpu_s": 0.142392646, "frontier": 8, "regret": 24}
{"case": "star-6-6-skewed-202", "checks": "accepted", "cpu_s": 0.122727544, "frontier": 6, "regret": 12}
{"case": "star-7-4-balanced-101", "checks": "accepted", "cpu_s": 1.001568436, "frontier": 5, "regret": 20}
{"case": "star-7-4-balanced-202", "checks": "accepted", "cpu_s": 0.935274064, "frontier": 1, "regret": 0}
{"case": "star-7-4-skewed-101", "checks": "accepted", "cpu_s": 1.013151177, "frontier": 10, "regret": 12}
{"case": "star-7-4-skewed-202", "checks": "accepted", "cpu_s": 0.895394394, "frontier": 7, "regret": 20}
{"case": "star-7-6-balanced-101", "checks": "accepted", "cpu_s": 0.948404792, "frontier": 8, "regret": 24}
{"case": "star-7-6-balanced-202", "checks": "accepted", "cpu_s": 1.13030886, "frontier": 2, "regret": 12}
{"case": "star-7-6-skewed-101", "checks": "accepted", "cpu_s": 1.234224519, "frontier": 21, "regret": 36}
{"case": "star-7-6-skewed-202", "checks": "accepted", "cpu_s": 1.203558715, "frontier": 6, "regret": 18}
