{
  "schema_version": 1,
  "base_cases": 32,
  "executed_cases": 224,
  "seeds": [
    7001,
    7002,
    7003,
    7004,
    7005,
    7006,
    7007,
    7008,
    7009,
    7010,
    7011,
    7012,
    7013,
    7014,
    7015,
    7016,
    7017,
    7018,
    7019,
    7020,
    7021,
    7022,
    7023,
    7024,
    7025,
    7026,
    7027,
    7028,
    7029,
    7030,
    7031,
    7032
  ],
  "transforms": [
    "identity",
    "alias-permutation",
    "template-permutation",
    "edge-permutation",
    "key-bijection",
    "bag-order",
    "contract-refinement"
  ],
  "all_oracle_matches": true,
  "all_relations_hold": true,
  "nonzero_base_optima": 4,
  "strict_refinement_reductions": 4,
  "sql_profile_checks": 7539,
  "scope": "Finite representation invariance and contract refinement; not a workload or runtime benchmark."
}
