{
  "attestation": {
    "excluded_case_observations": [
      "checker_cpu_s"
    ],
    "excluded_summary_observations": [
      "campaign_cpu_s",
      "campaign_wall_s",
      "checker_cpu_s_sum",
      "maxrss_kib"
    ],
    "matching_example_json_files": 8,
    "matching_negative_control_classes": 9,
    "matching_snapshot_rows": 306,
    "matching_summary_fields": 17,
    "overhead_summary_exact": true
  },
  "control_semantics_match_excluding_observations": true,
  "exact_control_packets": 9,
  "example_certificate_exact": true,
  "excluded_control_observations": [
    "cpu_s",
    "maxrss_kib"
  ],
  "excluded_summary_keys": [
    "checker_slower_cases"
  ],
  "excluded_summary_metrics": [
    "case_cpu_s",
    "checker_cpu_s",
    "maxrss_kib",
    "producer_cpu_s"
  ],
  "frontier_plot_data_exact": true,
  "plan": {
    "exact_certificates": 102,
    "exact_details": 102,
    "excluded_observations": [
      "baseline_cpu_s",
      "case_cpu_s",
      "case_wall_s",
      "checker_cpu_s",
      "maxrss_kib",
      "oracle_cpu_s",
      "producer_cpu_s",
      "sql_cpu_s"
    ],
    "matching_cases": 102
  },
  "regenerated_inputs_exact": 102,
  "summary_scientific_fields_match_excluding_timing_observations": true
}
